  source.cpp
D:\pCloud\pCloud\GitHubRepositories\Cpp-3D-Interactive-Graphs-OpenGL\Cpp-3D-Interactive-Graphs-OpenGL\Dependencies\bullet\include\LinearMath\btIDebugDraw.h(169,93): warning C4305: 'argument': truncation from 'double' to 'const btScalar'
  (compiling source file 'source.cpp')
  
D:\pCloud\pCloud\GitHubRepositories\Cpp-3D-Interactive-Graphs-OpenGL\Cpp-3D-Interactive-Graphs-OpenGL\Dependencies\bullet\include\LinearMath\btIDebugDraw.h(169,89): warning C4305: 'argument': truncation from 'double' to 'const btScalar'
  (compiling source file 'source.cpp')
  
D:\pCloud\pCloud\GitHubRepositories\Cpp-3D-Interactive-Graphs-OpenGL\Cpp-3D-Interactive-Graphs-OpenGL\Dependencies\bullet\include\LinearMath\btIDebugDraw.h(170,94): warning C4305: 'argument': truncation from 'double' to 'const btScalar'
  (compiling source file 'source.cpp')
  
D:\pCloud\pCloud\GitHubRepositories\Cpp-3D-Interactive-Graphs-OpenGL\Cpp-3D-Interactive-Graphs-OpenGL\Dependencies\bullet\include\LinearMath\btIDebugDraw.h(170,85): warning C4305: 'argument': truncation from 'double' to 'const btScalar'
  (compiling source file 'source.cpp')
  
D:\pCloud\pCloud\GitHubRepositories\Cpp-3D-Interactive-Graphs-OpenGL\Cpp-3D-Interactive-Graphs-OpenGL\Dependencies\bullet\include\LinearMath\btIDebugDraw.h(171,90): warning C4305: 'argument': truncation from 'double' to 'const btScalar'
  (compiling source file 'source.cpp')
  
D:\pCloud\pCloud\GitHubRepositories\Cpp-3D-Interactive-Graphs-OpenGL\Cpp-3D-Interactive-Graphs-OpenGL\Dependencies\bullet\include\LinearMath\btIDebugDraw.h(171,85): warning C4305: 'argument': truncation from 'double' to 'const btScalar'
  (compiling source file 'source.cpp')
  
D:\pCloud\pCloud\GitHubRepositories\Cpp-3D-Interactive-Graphs-OpenGL\Cpp-3D-Interactive-Graphs-OpenGL\TEXT_RENDER.hpp(106,29): warning C4838: conversion from 'FT_Pos' to 'GLuint' requires a narrowing conversion
  (compiling source file 'source.cpp')
  
D:\pCloud\pCloud\GitHubRepositories\Cpp-3D-Interactive-Graphs-OpenGL\Cpp-3D-Interactive-Graphs-OpenGL\Dependencies\bullet\include\LinearMath\btAlignedObjectArray.h(276,10): warning C5033: 'register' is no longer a supported storage class
  (compiling source file 'source.cpp')
      D:\pCloud\pCloud\GitHubRepositories\Cpp-3D-Interactive-Graphs-OpenGL\Cpp-3D-Interactive-Graphs-OpenGL\Dependencies\bullet\include\LinearMath\btAlignedObjectArray.h(276,10):
      the template instantiation context (the oldest one first) is
          D:\pCloud\pCloud\GitHubRepositories\Cpp-3D-Interactive-Graphs-OpenGL\Cpp-3D-Interactive-Graphs-OpenGL\Dependencies\bullet\include\BulletCollision\BroadphaseCollision\btDbvt.h(396,46):
          see reference to class template instantiation 'btAlignedObjectArray<btDbvt::sStkNPS>' being compiled
          D:\pCloud\pCloud\GitHubRepositories\Cpp-3D-Interactive-Graphs-OpenGL\Cpp-3D-Interactive-Graphs-OpenGL\Dependencies\bullet\include\LinearMath\btAlignedObjectArray.h(274,26):
          while compiling class template member function 'void btAlignedObjectArray<btDbvt::sStkNPS>::push_back(const T &)'
          with
          [
              T=btDbvt::sStkNPS
          ]
              D:\pCloud\pCloud\GitHubRepositories\Cpp-3D-Interactive-Graphs-OpenGL\Cpp-3D-Interactive-Graphs-OpenGL\Dependencies\bullet\include\BulletCollision\BroadphaseCollision\btDbvt.h(398,35):
              see the first reference to 'btAlignedObjectArray<btDbvt::sStkNPS>::push_back' in 'btDbvt::allocate'
  
D:\pCloud\pCloud\GitHubRepositories\Cpp-3D-Interactive-Graphs-OpenGL\Cpp-3D-Interactive-Graphs-OpenGL\Dependencies\bullet\include\LinearMath\btAlignedObjectArray.h(220,10): warning C5033: 'register' is no longer a supported storage class
  (compiling source file 'source.cpp')
      D:\pCloud\pCloud\GitHubRepositories\Cpp-3D-Interactive-Graphs-OpenGL\Cpp-3D-Interactive-Graphs-OpenGL\Dependencies\bullet\include\LinearMath\btAlignedObjectArray.h(220,10):
      the template instantiation context (the oldest one first) is
          D:\pCloud\pCloud\GitHubRepositories\Cpp-3D-Interactive-Graphs-OpenGL\Cpp-3D-Interactive-Graphs-OpenGL\Dependencies\bullet\include\BulletCollision\CollisionShapes\btTriangleInfoMap.h(58,35):
          see reference to class template instantiation 'btHashMap<btHashInt,btTriangleInfo>' being compiled
          D:\pCloud\pCloud\GitHubRepositories\Cpp-3D-Interactive-Graphs-OpenGL\Cpp-3D-Interactive-Graphs-OpenGL\Dependencies\bullet\include\LinearMath\btHashMap.h(232,31):
          see reference to class template instantiation 'btAlignedObjectArray<Value>' being compiled
          with
          [
              Value=btTriangleInfo
          ]
          D:\pCloud\pCloud\GitHubRepositories\Cpp-3D-Interactive-Graphs-OpenGL\Cpp-3D-Interactive-Graphs-OpenGL\Dependencies\bullet\include\LinearMath\btAlignedObjectArray.h(218,26):
          while compiling class template member function 'void btAlignedObjectArray<Value>::resize(int,const T &)'
          with
          [
              Value=btTriangleInfo,
              T=btTriangleInfo
          ]
              D:\pCloud\pCloud\GitHubRepositories\Cpp-3D-Interactive-Graphs-OpenGL\Cpp-3D-Interactive-Graphs-OpenGL\Dependencies\bullet\include\BulletCollision\CollisionShapes\btTriangleInfoMap.h(231,21):
              see the first reference to 'btAlignedObjectArray<Value>::resize' in 'btTriangleInfoMap::deSerialize'
          with
          [
              Value=btTriangleInfo
          ]
  
source.obj : error LNK2001: unresolved external symbol FT_New_Face
source.obj : error LNK2001: unresolved external symbol FT_Done_FreeType
source.obj : error LNK2001: unresolved external symbol FT_Done_Face
source.obj : error LNK2001: unresolved external symbol FT_Init_FreeType
source.obj : error LNK2001: unresolved external symbol FT_Load_Char
source.obj : error LNK2001: unresolved external symbol FT_Set_Pixel_Sizes
D:\pCloud\pCloud\GitHubRepositories\Cpp-3D-Interactive-Graphs-OpenGL\x64\Release\Cpp-3D-Interactive-Graphs-OpenGL.exe : fatal error LNK1120: 6 unresolved externals
