d:\pcloud\pcloud\githubrepositories\cpp-3d-interactive-graphs-opengl\cpp-3d-interactive-graphs-opengl\x64\release\vc143.pdb
d:\pcloud\pcloud\githubrepositories\cpp-3d-interactive-graphs-opengl\cpp-3d-interactive-graphs-opengl\x64\release\source.obj
d:\pcloud\pcloud\githubrepositories\cpp-3d-interactive-graphs-opengl\cpp-3d-interactive-graphs-opengl\x64\release\cpp-3d-interactive-graphs-opengl.ipdb
d:\pcloud\pcloud\githubrepositories\cpp-3d-interactive-graphs-opengl\cpp-3d-interactive-graphs-opengl\x64\release\cpp-3d-interactive-graphs-opengl.iobj
d:\pcloud\pcloud\githubrepositories\cpp-3d-interactive-graphs-opengl\cpp-3d-interactive-graphs-opengl\x64\release\source [conflicted 10].obj
d:\pcloud\pcloud\githubrepositories\cpp-3d-interactive-graphs-opengl\cpp-3d-interactive-graphs-opengl\x64\release\source [conflicted 11].obj
d:\pcloud\pcloud\githubrepositories\cpp-3d-interactive-graphs-opengl\cpp-3d-interactive-graphs-opengl\x64\release\source [conflicted 12].obj
d:\pcloud\pcloud\githubrepositories\cpp-3d-interactive-graphs-opengl\cpp-3d-interactive-graphs-opengl\x64\release\source [conflicted 13].obj
d:\pcloud\pcloud\githubrepositories\cpp-3d-interactive-graphs-opengl\cpp-3d-interactive-graphs-opengl\x64\release\source [conflicted 14].obj
d:\pcloud\pcloud\githubrepositories\cpp-3d-interactive-graphs-opengl\cpp-3d-interactive-graphs-opengl\x64\release\source [conflicted 15].obj
d:\pcloud\pcloud\githubrepositories\cpp-3d-interactive-graphs-opengl\cpp-3d-interactive-graphs-opengl\x64\release\source [conflicted 16].obj
d:\pcloud\pcloud\githubrepositories\cpp-3d-interactive-graphs-opengl\cpp-3d-interactive-graphs-opengl\x64\release\source [conflicted 17].obj
d:\pcloud\pcloud\githubrepositories\cpp-3d-interactive-graphs-opengl\cpp-3d-interactive-graphs-opengl\x64\release\source [conflicted 18].obj
d:\pcloud\pcloud\githubrepositories\cpp-3d-interactive-graphs-opengl\cpp-3d-interactive-graphs-opengl\x64\release\source [conflicted 19].obj
d:\pcloud\pcloud\githubrepositories\cpp-3d-interactive-graphs-opengl\cpp-3d-interactive-graphs-opengl\x64\release\source [conflicted 20].obj
d:\pcloud\pcloud\githubrepositories\cpp-3d-interactive-graphs-opengl\cpp-3d-interactive-graphs-opengl\x64\release\source [conflicted 21].obj
d:\pcloud\pcloud\githubrepositories\cpp-3d-interactive-graphs-opengl\cpp-3d-interactive-graphs-opengl\x64\release\source [conflicted 22].obj
d:\pcloud\pcloud\githubrepositories\cpp-3d-interactive-graphs-opengl\cpp-3d-interactive-graphs-opengl\x64\release\source [conflicted 23].obj
d:\pcloud\pcloud\githubrepositories\cpp-3d-interactive-graphs-opengl\cpp-3d-interactive-graphs-opengl\x64\release\source [conflicted 24].obj
d:\pcloud\pcloud\githubrepositories\cpp-3d-interactive-graphs-opengl\cpp-3d-interactive-graphs-opengl\x64\release\source [conflicted 25].obj
d:\pcloud\pcloud\githubrepositories\cpp-3d-interactive-graphs-opengl\cpp-3d-interactive-graphs-opengl\x64\release\source [conflicted 26].obj
d:\pcloud\pcloud\githubrepositories\cpp-3d-interactive-graphs-opengl\cpp-3d-interactive-graphs-opengl\x64\release\source [conflicted 27].obj
d:\pcloud\pcloud\githubrepositories\cpp-3d-interactive-graphs-opengl\cpp-3d-interactive-graphs-opengl\x64\release\source [conflicted 28].obj
d:\pcloud\pcloud\githubrepositories\cpp-3d-interactive-graphs-opengl\cpp-3d-interactive-graphs-opengl\x64\release\source [conflicted 29].obj
d:\pcloud\pcloud\githubrepositories\cpp-3d-interactive-graphs-opengl\cpp-3d-interactive-graphs-opengl\x64\release\source [conflicted 2].obj
d:\pcloud\pcloud\githubrepositories\cpp-3d-interactive-graphs-opengl\cpp-3d-interactive-graphs-opengl\x64\release\source [conflicted 30].obj
d:\pcloud\pcloud\githubrepositories\cpp-3d-interactive-graphs-opengl\cpp-3d-interactive-graphs-opengl\x64\release\source [conflicted 31].obj
d:\pcloud\pcloud\githubrepositories\cpp-3d-interactive-graphs-opengl\cpp-3d-interactive-graphs-opengl\x64\release\source [conflicted 32].obj
d:\pcloud\pcloud\githubrepositories\cpp-3d-interactive-graphs-opengl\cpp-3d-interactive-graphs-opengl\x64\release\source [conflicted 33].obj
d:\pcloud\pcloud\githubrepositories\cpp-3d-interactive-graphs-opengl\cpp-3d-interactive-graphs-opengl\x64\release\source [conflicted 34].obj
d:\pcloud\pcloud\githubrepositories\cpp-3d-interactive-graphs-opengl\cpp-3d-interactive-graphs-opengl\x64\release\source [conflicted 35].obj
d:\pcloud\pcloud\githubrepositories\cpp-3d-interactive-graphs-opengl\cpp-3d-interactive-graphs-opengl\x64\release\source [conflicted 3].obj
d:\pcloud\pcloud\githubrepositories\cpp-3d-interactive-graphs-opengl\cpp-3d-interactive-graphs-opengl\x64\release\source [conflicted 4].obj
d:\pcloud\pcloud\githubrepositories\cpp-3d-interactive-graphs-opengl\cpp-3d-interactive-graphs-opengl\x64\release\source [conflicted 5].obj
d:\pcloud\pcloud\githubrepositories\cpp-3d-interactive-graphs-opengl\cpp-3d-interactive-graphs-opengl\x64\release\source [conflicted 6].obj
d:\pcloud\pcloud\githubrepositories\cpp-3d-interactive-graphs-opengl\cpp-3d-interactive-graphs-opengl\x64\release\source [conflicted 7].obj
d:\pcloud\pcloud\githubrepositories\cpp-3d-interactive-graphs-opengl\cpp-3d-interactive-graphs-opengl\x64\release\source [conflicted 8].obj
d:\pcloud\pcloud\githubrepositories\cpp-3d-interactive-graphs-opengl\cpp-3d-interactive-graphs-opengl\x64\release\source [conflicted 9].obj
d:\pcloud\pcloud\githubrepositories\cpp-3d-interactive-graphs-opengl\cpp-3d-interactive-graphs-opengl\x64\release\source [conflicted].obj
d:\pcloud\pcloud\githubrepositories\cpp-3d-interactive-graphs-opengl\x64\release\cpp-3d-interactive-graphs-opengl.pdb
d:\pcloud\pcloud\githubrepositories\cpp-3d-interactive-graphs-opengl\cpp-3d-interactive-graphs-opengl\x64\release\cpp-3d-i.9a8a5917.tlog\cl.command.1.tlog
d:\pcloud\pcloud\githubrepositories\cpp-3d-interactive-graphs-opengl\cpp-3d-interactive-graphs-opengl\x64\release\cpp-3d-i.9a8a5917.tlog\cl.items.tlog
d:\pcloud\pcloud\githubrepositories\cpp-3d-interactive-graphs-opengl\cpp-3d-interactive-graphs-opengl\x64\release\cpp-3d-i.9a8a5917.tlog\cl.read.1.tlog
d:\pcloud\pcloud\githubrepositories\cpp-3d-interactive-graphs-opengl\cpp-3d-interactive-graphs-opengl\x64\release\cpp-3d-i.9a8a5917.tlog\cl.write.1.tlog
d:\pcloud\pcloud\githubrepositories\cpp-3d-interactive-graphs-opengl\cpp-3d-interactive-graphs-opengl\x64\release\cpp-3d-i.9a8a5917.tlog\link.command.1.tlog
d:\pcloud\pcloud\githubrepositories\cpp-3d-interactive-graphs-opengl\cpp-3d-interactive-graphs-opengl\x64\release\cpp-3d-i.9a8a5917.tlog\link.read.1.tlog
d:\pcloud\pcloud\githubrepositories\cpp-3d-interactive-graphs-opengl\cpp-3d-interactive-graphs-opengl\x64\release\cpp-3d-i.9a8a5917.tlog\link.secondary.1.tlog
d:\pcloud\pcloud\githubrepositories\cpp-3d-interactive-graphs-opengl\cpp-3d-interactive-graphs-opengl\x64\release\cpp-3d-i.9a8a5917.tlog\link.write.1.tlog
